ramin@ramin-Linux:~$ echo -e "Собака\nКошка\nХомяк" > Домашние_животные.txt

ramin@ramin-Linux:~$ echo -e "Лошадь\nВерблюд\nОсёл" > Вьючные_животные.txt

ramin@ramin-Linux:~$ cat Домашние_животные.txt Вьючные_животные.txt > Все_животные.txt

ramin@ramin-Linux:~$ cat Все_животные.txt

Собака

Кошка

Хомяк

Лошадь

Верблюд

Осёл

ramin@ramin-Linux:~$ mv Все_животные.txt Друзья_человека.txt

ramin@ramin-Linux:~$ mkdir Питомник

ramin@ramin-Linux:~$ mv Друзья_человека.txt Питомник/

ramin@ramin-Linux:~$ ls Питомник/

Друзья_человека.txt

ramin@ramin-Linux:~$ sudo apt update

[sudo] пароль для ramin: 

Пол:1 https://download.virtualbox.org/virtualbox/debian jammy InRelease [4 431 B]

Пол:2 https://download.virtualbox.org/virtualbox/debian jammy/contrib amd64 Packages [1 958 B]

Сущ:3 http://ru.archive.ubuntu.com/ubuntu jammy InRelease                      

Пол:4 http://ru.archive.ubuntu.com/ubuntu jammy-updates InRelease [128 kB]     

Пол:5 http://ru.archive.ubuntu.com/ubuntu jammy-backports InRelease [127 kB]   

Пол:6 http://security.ubuntu.com/ubuntu jammy-security InRelease [129 kB]      

Пол:7 https://download.docker.com/linux/ubuntu jammy InRelease [48,8 kB]       

Пол:8 http://ru.archive.ubuntu.com/ubuntu jammy-updates/main amd64 Packages [2 352 kB]

Пол:9 http://ru.archive.ubuntu.com/ubuntu jammy-updates/main i386 Packages [760 kB]

Пол:10 http://ru.archive.ubuntu.com/ubuntu jammy-updates/main Translation-en [392 kB]

Пол:11 http://ru.archive.ubuntu.com/ubuntu jammy-updates/main amd64 DEP-11 Metadata [103 kB]

Пол:12 http://ru.archive.ubuntu.com/ubuntu jammy-updates/main amd64 c-n-f Metadata [17,9 kB]

Пол:13 http://ru.archive.ubuntu.com/ubuntu jammy-updates/restricted i386 Packages [40,3 kB]

Пол:14 http://ru.archive.ubuntu.com/ubuntu jammy-updates/restricted amd64 Packages [3 008 kB]

Пол:15 https://download.docker.com/linux/ubuntu jammy/stable amd64 Packages [45,7 kB]

Пол:16 http://ru.archive.ubuntu.com/ubuntu jammy-updates/restricted Translation-en [528 kB]

Пол:17 http://ru.archive.ubuntu.com/ubuntu jammy-updates/restricted amd64 DEP-11 Metadata [212 B]

Пол:18 http://ru.archive.ubuntu.com/ubuntu jammy-updates/restricted amd64 c-n-f Metadata [612 B]

Пол:19 http://ru.archive.ubuntu.com/ubuntu jammy-updates/universe amd64 Packages [1 192 kB]

Пол:20 http://ru.archive.ubuntu.com/ubuntu jammy-updates/universe i386 Packages [759 kB]

Пол:21 http://ru.archive.ubuntu.com/ubuntu jammy-updates/universe Translation-en [293 kB]

Пол:22 http://ru.archive.ubuntu.com/ubuntu jammy-updates/universe amd64 DEP-11 Metadata [359 kB]

Пол:23 http://ru.archive.ubuntu.com/ubuntu jammy-updates/universe DEP-11 48x48 Icons [250 kB]

Пол:24 http://ru.archive.ubuntu.com/ubuntu jammy-updates/universe DEP-11 64x64 Icons [402 kB]

Пол:25 http://ru.archive.ubuntu.com/ubuntu jammy-updates/universe amd64 c-n-f Metadata [26,4 kB]

Пол:26 http://security.ubuntu.com/ubuntu jammy-security/main amd64 Packages [2 110 kB]

Пол:27 http://ru.archive.ubuntu.com/ubuntu jammy-updates/multiverse amd64 Packages [44,5 kB]

Пол:28 http://ru.archive.ubuntu.com/ubuntu jammy-updates/multiverse i386 Packages [4 752 B]

Пол:29 http://ru.archive.ubuntu.com/ubuntu jammy-updates/multiverse Translation-en [11,5 kB]

Пол:30 http://ru.archive.ubuntu.com/ubuntu jammy-updates/multiverse amd64 DEP-11 Metadata [940 B]

Пол:31 http://ru.archive.ubuntu.com/ubuntu jammy-updates/multiverse amd64 c-n-f Metadata [440 B]

Пол:32 http://ru.archive.ubuntu.com/ubuntu jammy-backports/main amd64 Packages [67,7 kB]

Пол:33 http://ru.archive.ubuntu.com/ubuntu jammy-backports/main i386 Packages [59,9 kB]

Пол:34 http://ru.archive.ubuntu.com/ubuntu jammy-backports/main Translation-en [11,1 kB]

Пол:35 http://ru.archive.ubuntu.com/ubuntu jammy-backports/main amd64 DEP-11 Metadata [7 012 B]

Пол:36 http://ru.archive.ubuntu.com/ubuntu jammy-backports/main DEP-11 48x48 Icons [9 524 B]

Пол:37 http://ru.archive.ubuntu.com/ubuntu jammy-backports/main DEP-11 64x64 Icons [11,2 kB]

Пол:38 http://ru.archive.ubuntu.com/ubuntu jammy-backports/main amd64 c-n-f Metadata [388 B]

Пол:39 http://ru.archive.ubuntu.com/ubuntu jammy-backports/restricted amd64 DEP-11 Metadata [212 B]

Пол:40 http://ru.archive.ubuntu.com/ubuntu jammy-backports/universe amd64 Packages [30,0 kB]

Пол:41 http://ru.archive.ubuntu.com/ubuntu jammy-backports/universe i386 Packages [18,4 kB]

Пол:42 http://ru.archive.ubuntu.com/ubuntu jammy-backports/universe Translation-en [16,6 kB]

Пол:43 http://ru.archive.ubuntu.com/ubuntu jammy-backports/universe amd64 DEP-11 Metadata [17,7 kB]

Пол:44 http://ru.archive.ubuntu.com/ubuntu jammy-backports/universe DEP-11 48x48 Icons [19,7 kB]

Пол:45 http://ru.archive.ubuntu.com/ubuntu jammy-backports/universe DEP-11 64x64 Icons [28,2 kB]

Пол:46 http://ru.archive.ubuntu.com/ubuntu jammy-backports/universe amd64 c-n-f Metadata [672 B]

Пол:47 http://ru.archive.ubuntu.com/ubuntu jammy-backports/multiverse amd64 DEP-11 Metadata [212 B]

Пол:48 http://security.ubuntu.com/ubuntu jammy-security/main i386 Packages [593 kB]

Пол:49 http://security.ubuntu.com/ubuntu jammy-security/main Translation-en [329 kB]

Пол:50 http://security.ubuntu.com/ubuntu jammy-security/main amd64 DEP-11 Metadata [43,1 kB]

Пол:51 http://security.ubuntu.com/ubuntu jammy-security/main amd64 c-n-f Metadata [13,3 kB]

Пол:52 http://security.ubuntu.com/ubuntu jammy-security/restricted i386 Packages [38,5 kB]

Пол:53 http://security.ubuntu.com/ubuntu jammy-security/restricted amd64 Packages [2 899 kB]

Пол:54 http://security.ubuntu.com/ubuntu jammy-security/restricted Translation-en [509 kB]

Пол:55 http://security.ubuntu.com/ubuntu jammy-security/restricted amd64 DEP-11 Metadata [208 B]

Пол:56 http://security.ubuntu.com/ubuntu jammy-security/restricted amd64 c-n-f Metadata [580 B]

Пол:57 http://security.ubuntu.com/ubuntu jammy-security/universe amd64 Packages [965 kB]

Пол:58 http://security.ubuntu.com/ubuntu jammy-security/universe i386 Packages [652 kB]

Пол:59 http://security.ubuntu.com/ubuntu jammy-security/universe Translation-en [207 kB]

Пол:60 http://security.ubuntu.com/ubuntu jammy-security/universe amd64 DEP-11 Metadata [125 kB]

Пол:61 http://security.ubuntu.com/ubuntu jammy-security/universe DEP-11 48x48 Icons [82,0 kB]

Пол:62 http://security.ubuntu.com/ubuntu jammy-security/universe DEP-11 64x64 Icons [122 kB]

Пол:63 http://security.ubuntu.com/ubuntu jammy-security/universe amd64 c-n-f Metadata [19,5 kB]

Пол:64 http://security.ubuntu.com/ubuntu jammy-security/multiverse amd64 Packages [37,6 kB]

Пол:65 http://security.ubuntu.com/ubuntu jammy-security/multiverse Translation-en [8 260 B]

Пол:66 http://security.ubuntu.com/ubuntu jammy-security/multiverse amd64 DEP-11 Metadata [208 B]

Пол:67 http://security.ubuntu.com/ubuntu jammy-security/multiverse amd64 c-n-f Metadata [224 B]

Получено 20,1 MB за 3с (7 697 kB/s)                                      

Чтение списков пакетов… Готово

Построение дерева зависимостей… Готово

Чтение информации о состоянии… Готово         

Может быть обновлено 339 пакетов. Запустите «apt list --upgradable» для их показа.

W: https://download.docker.com/linux/ubuntu/dists/jammy/InRelease: Ключ хранится в унаследованной связке ключей trusted.gpg (/etc/apt/trusted.gpg), подробности см. в разделе DEPRECATION в apt-key(8).

ramin@ramin-Linux:~$ sudo apt install -y mysql-server

Чтение списков пакетов… Готово

Построение дерева зависимостей… Готово

Чтение информации о состоянии… Готово         

Следующие пакеты будут обновлены:

  mysql-server

Обновлено 1 пакетов, установлено 0 новых пакетов, для удаления отмечено 0 пакетов, и 338 пакетов не обновлено.

Необходимо скачать 9 460 B архивов.

После данной операции объём занятого дискового пространства возрастёт на 0 B.

Пол:1 http://ru.archive.ubuntu.com/ubuntu jammy-updates/main amd64 mysql-server all 8.0.41-0ubuntu0.22.04.1 [9 460 B]

Получено 9 460 B за 0с (30,4 kB/s)          

(Чтение базы данных … на данный момент установлено 225112 файлов и каталогов.)

Подготовка к распаковке …/mysql-server_8.0.41-0ubuntu0.22.04.1_all.deb …

Распаковывается mysql-server (8.0.41-0ubuntu0.22.04.1) на замену (8.0.36-0ubuntu

0.22.04.1) …

Настраивается пакет mysql-server (8.0.41-0ubuntu0.22.04.1) …

ramin@ramin-Linux:~$ mysql-version

mysql-version: команда не найдена

ramin@ramin-Linux:~$ mysql--version

mysql--version: команда не найдена

ramin@ramin-Linux:~$ mysql --version

mysql  Ver 8.0.36-0ubuntu0.22.04.1 for Linux on x86_64 ((Ubuntu))

ramin@ramin-Linux:~$ wget http://ftp.de.debian.org/debian/pool/main/h/htop/htop_3.2.1-1_amd64.deb

--2025-03-03 17:04:54--  http://ftp.de.debian.org/debian/pool/main/h/htop/htop_3.2.1-1_amd64.deb

Распознаётся ftp.de.debian.org (ftp.de.debian.org)… 2a13:dd80:deb::deb, 141.76.2.4

Подключение к ftp.de.debian.org (ftp.de.debian.org)|2a13:dd80:deb::deb|:80... 

ошибка: Время ожидания соединения истекло.

Подключение к ftp.de.debian.org (ftp.de.debian.org)|141.76.2.4|:80... соединение установлено.

HTTP-запрос отправлен. Ожидание ответа… 404 Not Found

2025-03-03 17:07:09 ОШИБКА 404: Not Found.



ramin@ramin-Linux:~$ 

ramin@ramin-Linux:~$ ^C

ramin@ramin-Linux:~$ sudo apt update

[sudo] пароль для ramin: 

Сущ:1 https://download.virtualbox.org/virtualbox/debian jammy InRelease

Сущ:2 http://ru.archive.ubuntu.com/ubuntu jammy InRelease                      

Сущ:3 http://ru.archive.ubuntu.com/ubuntu jammy-updates InRelease              

Сущ:4 http://ru.archive.ubuntu.com/ubuntu jammy-backports InRelease            

Сущ:5 https://download.docker.com/linux/ubuntu jammy InRelease                 

Сущ:6 http://security.ubuntu.com/ubuntu jammy-security InRelease               

Чтение списков пакетов… Готово            

Построение дерева зависимостей… Готово

Чтение информации о состоянии… Готово         

Может быть обновлено 288 пакетов. Запустите «apt list --upgradable» для их показа.

W: https://download.docker.com/linux/ubuntu/dists/jammy/InRelease: Ключ хранится в унаследованной связке ключей trusted.gpg (/etc/apt/trusted.gpg), подробности см. в разделе DEPRECATION в apt-key(8).

ramin@ramin-Linux:~$ sudo apt install -y htop

Чтение списков пакетов… Готово

Построение дерева зависимостей… Готово

Чтение информации о состоянии… Готово         

Предлагаемые пакеты:

  lm-sensors

Следующие НОВЫЕ пакеты будут установлены:

  htop

Обновлено 0 пакетов, установлено 1 новых пакетов, для удаления отмечено 0 пакетов, и 288 пакетов не обновлено.

Необходимо скачать 128 kB архивов.

После данной операции объём занятого дискового пространства возрастёт на 342 kB.

Пол:1 http://ru.archive.ubuntu.com/ubuntu jammy/main amd64 htop amd64 3.0.5-7build2 [128 kB]

Получено 128 kB за 1с (194 kB/s)          

Выбор ранее не выбранного пакета htop.

(Чтение базы данных … на данный момент установлено 225107 файлов и каталогов.)

Подготовка к распаковке …/htop_3.0.5-7build2_amd64.deb …

Распаковывается htop (3.0.5-7build2) …

Настраивается пакет htop (3.0.5-7build2) …

Обрабатываются триггеры для mailcap (3.70+nmu1ubuntu1) …

Обрабатываются триггеры для desktop-file-utils (0.26-1ubuntu3) …

Обрабатываются триггеры для hicolor-icon-theme (0.17-2) …

Обрабатываются триггеры для gnome-menus (3.36.0-1ubuntu3) …

Обрабатываются триггеры для man-db (2.10.2-1) …

ramin@ramin-Linux:~$ wget http://ftp.us.debian.org/debian/pool/main/h/htop/htop_3.2.1-1_amd64.deb

--2025-03-03 17:22:48--  http://ftp.us.debian.org/debian/pool/main/h/htop/htop_3.2.1-1_amd64.deb

Распознаётся ftp.us.debian.org (ftp.us.debian.org)… 2600:3404:200:237::2, 2620:0:861:2:208:80:154:139, 2600:3402:200:227::2, ...

Подключение к ftp.us.debian.org (ftp.us.debian.org)|2600:3404:200:237::2|:80... ошибка: Время ожидания соединения истекло.

Подключение к ftp.us.debian.org (ftp.us.debian.org)|2620:0:861:2:208:80:154:139|:80... ^C

ramin@ramin-Linux:~$ sudo dpkg -i htop_3.2.1-1_amd64.deb

dpkg: ошибка: нет доступа к архиву «htop_3.2.1-1_amd64.deb»: Нет такого файла или каталога

ramin@ramin-Linux:~$ htop --version

htop 3.0.5

ramin@ramin-Linux:~$ sudo dpkg -r htop

(Чтение базы данных … на данный момент установлено 225116 файлов и каталогов.)

Удаляется htop (3.0.5-7build2) …

Обрабатываются триггеры для man-db (2.10.2-1) …

Обрабатываются триггеры для hicolor-icon-theme (0.17-2) …

Обрабатываются триггеры для mailcap (3.70+nmu1ubuntu1) …

Обрабатываются триггеры для gnome-menus (3.36.0-1ubuntu3) …

Обрабатываются триггеры для desktop-file-utils (0.26-1ubuntu3) …

ramin@ramin-Linux:~$ history

  
783  echo -e "Собака\nКошка\nХомяк" > Домашние_животные.txt

  784  echo -e "Лошадь\nВерблюд\nОсёл" > Вьючные_животные.txt

  785  cat Домашние_животные.txt Вьючные_животные.txt > Все_животные.txt

  786  cat Все_животные.txt

  787  mv Все_животные.txt Друзья_человека.txt

  788  mkdir Питомник

  789  mv Друзья_человека.txt Питомник/

  790  ls Питомник/

  791  sudo apt update

  792  sudo apt install -y mysql-server

  793  mysql-version

  794  mysql--version

  795  mysql --version

  796  wget http://ftp.de.debian.org/debian/pool/main/h/htop/htop_3.2.1-1_amd64.deb

  797  sudo apt update

  798  sudo apt install -y htop

  799  wget http://ftp.us.debian.org/debian/pool/main/h/htop/htop_3.2.1-1_amd64.deb

  800  sudo dpkg -i htop_3.2.1-1_amd64.deb

  801  htop --version

  802  sudo dpkg -r htop

  803  history

